2026-08-08 13:55:10,948 - main.py:20 - INFO - Запуск обучения модели...
2026-08-08 13:55:10,948 - main.py:22 - INFO - Загрузка конфигурации...
2026-08-08 13:55:10,948 - main.py:24 - INFO - Конфигурация загружена.
2026-08-08 13:55:10,948 - main.py:26 - INFO - Загрузка данных...
2026-08-08 13:55:10,951 - main.py:28 - INFO - Данные загружены.
2026-08-08 13:55:10,951 - main.py:33 - INFO - Валидация данных...
2026-08-08 13:55:10,952 - main.py:35 - INFO - Валидация данных завершена.
2026-08-08 13:55:10,952 - main.py:37 - INFO - Очистка и обработка данных...
2026-08-08 13:55:10,953 - main.py:40 - INFO - Сохранение обработанных данных...
2026-08-08 13:55:10,954 - main.py:42 - INFO - Обработанные данные сохранены.
2026-08-08 14:04:39,043 - main.py:20 - INFO - Запуск обучения модели...
2026-08-08 14:04:39,043 - main.py:22 - INFO - Загрузка конфигурации...
2026-08-08 14:04:39,043 - main.py:24 - INFO - Конфигурация загружена.
2026-08-08 14:04:39,043 - main.py:26 - INFO - Загрузка данных...
2026-08-08 14:04:39,046 - main.py:28 - INFO - Данные загружены.
2026-08-08 14:04:39,046 - main.py:33 - INFO - Валидация данных...
2026-08-08 14:04:39,047 - main.py:35 - INFO - Валидация данных завершена.
2026-08-08 14:04:39,047 - main.py:37 - INFO - Очистка и обработка данных...
2026-08-08 14:04:39,047 - main.py:40 - INFO - Сохранение обработанных данных...
2026-08-08 14:04:39,048 - main.py:42 - INFO - Обработанные данные сохранены.
2026-08-08 14:04:39,048 - main.py:44 - INFO - Разделение данных на обучающую и тестовую выборки...
2026-08-08 14:04:39,051 - main.py:53 - INFO - Обучение модели...
2026-08-08 14:04:39,052 - main.py:55 - INFO - Модель обучена.
2026-08-08 14:04:39,052 - main.py:57 - INFO - Сериализация модели...
2026-08-08 14:04:39,053 - main.py:59 - INFO - Модель сериализована.
2026-08-08 14:04:39,053 - main.py:61 - INFO - Оценка модели...
2026-08-08 14:17:27,509 - main.py:20 - INFO - Запуск обучения модели...
2026-08-08 14:17:27,509 - main.py:22 - INFO - Загрузка конфигурации...
2026-08-08 14:17:27,509 - main.py:24 - INFO - Конфигурация загружена.
2026-08-08 14:17:27,509 - main.py:26 - INFO - Загрузка данных...
2026-08-08 14:17:27,512 - main.py:28 - INFO - Данные загружены.
2026-08-08 14:17:27,512 - main.py:33 - INFO - Валидация данных...
2026-08-08 14:17:27,513 - main.py:35 - INFO - Валидация данных завершена.
2026-08-08 14:17:27,513 - main.py:37 - INFO - Очистка и обработка данных...
2026-08-08 14:17:27,513 - main.py:45 - INFO - Сохранение обработанных данных...
2026-08-08 14:17:27,514 - main.py:47 - INFO - Обработанные данные сохранены.
2026-08-08 14:17:27,514 - main.py:49 - INFO - Разделение данных на обучающую и тестовую выборки...
2026-08-08 14:17:27,517 - main.py:58 - INFO - Обучение модели...
2026-08-08 14:17:27,518 - main.py:60 - INFO - Модель обучена.
2026-08-08 14:17:27,518 - main.py:62 - INFO - Сериализация модели...
2026-08-08 14:17:27,518 - main.py:64 - INFO - Модель сериализована.
2026-08-08 14:17:27,519 - main.py:66 - INFO - Оценка модели...
2026-08-08 14:34:11,122 - main.py:20 - INFO - Запуск обучения модели...
2026-08-08 14:34:11,123 - main.py:22 - INFO - Загрузка конфигурации...
2026-08-08 14:34:11,123 - main.py:24 - INFO - Конфигурация загружена.
2026-08-08 14:34:11,123 - main.py:26 - INFO - Загрузка данных...
2026-08-08 14:34:11,126 - main.py:28 - INFO - Данные загружены.
2026-08-08 14:34:11,126 - main.py:33 - INFO - Валидация данных...
2026-08-08 14:34:11,127 - main.py:35 - INFO - Валидация данных завершена.
2026-08-08 14:34:11,127 - main.py:37 - INFO - Очистка и обработка данных...
2026-08-08 14:34:11,127 - main.py:45 - INFO - Сохранение обработанных данных...
2026-08-08 14:34:11,128 - main.py:47 - INFO - Обработанные данные сохранены.
2026-08-08 14:34:11,128 - main.py:49 - INFO - Разделение данных на обучающую и тестовую выборки...
2026-08-08 14:34:11,130 - main.py:58 - INFO - Обучение модели...
2026-08-08 14:34:11,131 - main.py:60 - INFO - Модель обучена.
2026-08-08 14:34:11,131 - main.py:62 - INFO - Сериализация модели...
2026-08-08 14:34:11,132 - main.py:64 - INFO - Модель сериализована.
2026-08-08 14:34:11,132 - main.py:66 - INFO - Оценка модели...
2026-08-08 14:44:46,795 - main.py:20 - INFO - Запуск обучения модели...
2026-08-08 14:44:46,795 - main.py:22 - INFO - Загрузка конфигурации...
2026-08-08 14:44:46,795 - main.py:24 - INFO - Конфигурация загружена.
2026-08-08 14:44:46,795 - main.py:26 - INFO - Загрузка данных...
2026-08-08 14:44:46,798 - main.py:28 - INFO - Данные загружены.
2026-08-08 14:44:46,798 - main.py:35 - INFO - Валидация данных...
2026-08-08 14:44:46,799 - main.py:37 - INFO - Валидация данных завершена.
2026-08-08 14:44:46,799 - main.py:39 - INFO - Очистка и обработка данных...
2026-08-08 14:44:46,800 - main.py:45 - INFO - Сохранение обработанных данных...
2026-08-08 14:44:46,801 - main.py:47 - INFO - Обработанные данные сохранены.
2026-08-08 14:44:46,801 - main.py:49 - INFO - Разделение данных на обучающую и тестовую выборки...
2026-08-08 14:44:46,803 - main.py:58 - INFO - Обучение модели...
2026-08-08 14:44:46,804 - main.py:60 - INFO - Модель обучена.
2026-08-08 14:44:46,804 - main.py:62 - INFO - Сериализация модели...
2026-08-08 14:44:46,805 - main.py:64 - INFO - Модель сериализована.
2026-08-08 14:44:46,805 - main.py:66 - INFO - Оценка модели...
2026-08-08 14:45:13,015 - main.py:20 - INFO - Запуск обучения модели...
2026-08-08 14:45:13,015 - main.py:22 - INFO - Загрузка конфигурации...
2026-08-08 14:45:13,015 - main.py:24 - INFO - Конфигурация загружена.
2026-08-08 14:45:13,015 - main.py:26 - INFO - Загрузка данных...
2026-08-08 14:45:13,016 - main.py:28 - INFO - Данные загружены.
2026-08-08 14:45:13,016 - main.py:35 - INFO - Валидация данных...
2026-08-08 14:45:13,016 - main.py:37 - INFO - Валидация данных завершена.
2026-08-08 14:45:13,016 - main.py:39 - INFO - Очистка и обработка данных...
2026-08-08 14:45:13,017 - main.py:45 - INFO - Сохранение обработанных данных...
2026-08-08 14:45:13,018 - main.py:47 - INFO - Обработанные данные сохранены.
2026-08-08 14:45:13,018 - main.py:49 - INFO - Разделение данных на обучающую и тестовую выборки...
2026-08-08 14:45:13,018 - main.py:58 - INFO - Обучение модели...
2026-08-08 14:45:13,019 - main.py:60 - INFO - Модель обучена.
2026-08-08 14:45:13,019 - main.py:62 - INFO - Сериализация модели...
2026-08-08 14:45:13,019 - main.py:64 - INFO - Модель сериализована.
2026-08-08 14:45:13,019 - main.py:66 - INFO - Оценка модели...
